
> frontend@0.0.0 build
> tsc -b && vite build

src/components/monitoring/AttendanceTab.tsx(184,44): error TS2322: Type 'string' is not assignable to type '"default" | "purple" | "success" | "warning" | "danger" | "indigo" | "info" | "pink" | undefined'.
src/components/monitoring/TasksTab.tsx(126,26): error TS2345: Argument of type '(s: string) => any' is not assignable to parameter of type '(value: unknown, index: number, array: unknown[]) => any'.
  Types of parameters 's' and 'value' are incompatible.
    Type 'unknown' is not assignable to type 'string'.
src/components/monitoring/TasksTab.tsx(227,22): error TS2304: Cannot find name 'user'.
src/components/monitoring/TasksTab.tsx(575,69): error TS2322: Type '{ key: number; task: Task; idx: number; }' is not assignable to type 'IntrinsicAttributes & { task: Task; }'.
  Property 'idx' does not exist on type 'IntrinsicAttributes & { task: Task; }'.
src/components/reports/ReportTimeline.tsx(31,13): error TS2322: Type '{ children: Element[]; noPadding: true; className: string; }' is not assignable to type 'IntrinsicAttributes & CardProps'.
  Property 'noPadding' does not exist on type 'IntrinsicAttributes & CardProps'. Did you mean 'padding'?
src/components/reports/WeeklyReportCard.tsx(104,11): error TS2322: Type '{ children: (false | Element)[]; noPadding: true; className: string; }' is not assignable to type 'IntrinsicAttributes & CardProps'.
  Property 'noPadding' does not exist on type 'IntrinsicAttributes & CardProps'. Did you mean 'padding'?
src/components/tasks/AIGeneratorPanel.tsx(62,22): error TS2345: Argument of type '(s: string) => any' is not assignable to parameter of type '(value: unknown, index: number, array: unknown[]) => any'.
  Types of parameters 's' and 'value' are incompatible.
    Type 'unknown' is not assignable to type 'string'.
src/pages/CertificateRegistryPage.tsx(72,20): error TS2322: Type '{ label: string; value: number; color: string; }' is not assignable to type 'IntrinsicAttributes & StatsCardProps'.
  Property 'label' does not exist on type 'IntrinsicAttributes & StatsCardProps'.
src/pages/CertificateRegistryPage.tsx(73,20): error TS2322: Type '{ label: string; value: number; color: string; }' is not assignable to type 'IntrinsicAttributes & StatsCardProps'.
  Property 'label' does not exist on type 'IntrinsicAttributes & StatsCardProps'.
src/pages/CertificateRegistryPage.tsx(74,20): error TS2322: Type '{ label: string; value: number; color: string; }' is not assignable to type 'IntrinsicAttributes & StatsCardProps'.
  Property 'label' does not exist on type 'IntrinsicAttributes & StatsCardProps'.
src/pages/CertificateRegistryPage.tsx(75,20): error TS2322: Type '{ label: string; value: number; color: string; }' is not assignable to type 'IntrinsicAttributes & StatsCardProps'.
  Property 'label' does not exist on type 'IntrinsicAttributes & StatsCardProps'.
src/pages/CertificateRegistryPage.tsx(127,26): error TS2322: Type '"primary" | "success"' is not assignable to type '"default" | "purple" | "success" | "warning" | "danger" | "indigo" | "info" | "pink" | undefined'.
  Type '"primary"' is not assignable to type '"default" | "purple" | "success" | "warning" | "danger" | "indigo" | "info" | "pink" | undefined'.
src/pages/CriteriaConfigurationPage.tsx(113,17): error TS2322: Type '{ children: Element[]; noPadding: true; className: string; }' is not assignable to type 'IntrinsicAttributes & CardProps'.
  Property 'noPadding' does not exist on type 'IntrinsicAttributes & CardProps'. Did you mean 'padding'?
src/pages/CriteriaConfigurationPage.tsx(181,17): error TS2322: Type '{ children: Element[]; noPadding: true; className: string; }' is not assignable to type 'IntrinsicAttributes & CardProps'.
  Property 'noPadding' does not exist on type 'IntrinsicAttributes & CardProps'. Did you mean 'padding'?
src/pages/CriteriaConfigurationPage.tsx(226,17): error TS2322: Type '{ children: Element[]; noPadding: true; className: string; }' is not assignable to type 'IntrinsicAttributes & CardProps'.
  Property 'noPadding' does not exist on type 'IntrinsicAttributes & CardProps'. Did you mean 'padding'?
src/pages/FullTimeOfferBuilderPage.tsx(129,32): error TS2322: Type '{ children: Element; key: number; noPadding: true; className: string; }' is not assignable to type 'IntrinsicAttributes & CardProps'.
  Property 'noPadding' does not exist on type 'IntrinsicAttributes & CardProps'. Did you mean 'padding'?
src/pages/FullTimeOfferBuilderPage.tsx(202,17): error TS2322: Type '{ children: Element[]; noPadding: true; className: string; }' is not assignable to type 'IntrinsicAttributes & CardProps'.
  Property 'noPadding' does not exist on type 'IntrinsicAttributes & CardProps'. Did you mean 'padding'?
src/pages/Login.tsx(167,62): error TS2322: Type '{ children: string; to: string; size: string; className: string; }' is not assignable to type 'IntrinsicAttributes & LinkProps & RefAttributes<HTMLAnchorElement>'.
  Property 'size' does not exist on type 'IntrinsicAttributes & LinkProps & RefAttributes<HTMLAnchorElement>'.
src/pages/MonitoringAttendance.tsx(83,30): error TS2345: Argument of type 'string | number' is not assignable to parameter of type 'number'.
  Type 'string' is not assignable to type 'number'.
src/pages/MonitoringDashboard.tsx(248,47): error TS2345: Argument of type 'string | number' is not assignable to parameter of type 'number | undefined'.
  Type 'string' is not assignable to type 'number'.
src/pages/MonitoringTasks.tsx(194,30): error TS2345: Argument of type 'string | number' is not assignable to parameter of type 'number'.
  Type 'string' is not assignable to type 'number'.
src/pages/MonitoringTasks.tsx(218,34): error TS2345: Argument of type 'string | number' is not assignable to parameter of type 'number | undefined'.
  Type 'string' is not assignable to type 'number'.
src/pages/PerformanceAnalytics.tsx(61,33): error TS2345: Argument of type 'string | number' is not assignable to parameter of type 'number | null'.
  Type 'string' is not assignable to type 'number'.
src/pages/PhaseGateDashboard.tsx(79,33): error TS2322: Type '{ children: Element[]; key: number; noPadding: true; className: string; }' is not assignable to type 'IntrinsicAttributes & CardProps'.
  Property 'noPadding' does not exist on type 'IntrinsicAttributes & CardProps'. Did you mean 'padding'?
src/pages/StipendManagementPage.tsx(117,9): error TS2322: Type '{ children: Element[]; className: string; noPadding: true; }' is not assignable to type 'IntrinsicAttributes & CardProps'.
  Property 'noPadding' does not exist on type 'IntrinsicAttributes & CardProps'. Did you mean 'padding'?
